 <html lang="en">
 <body>
 <h1>10 August 2025</h1>
 <table>
<tr>
     <th>Name</th>
     <th>Sell by date</th>
     <th>Sell by days</th>
     <th>Quantity</th>
 </tr>
 <tr>
     <td>banana</td>
     <td>9 August 2025</td>
     <td>-1</td>
     <td>42</td>
 </tr>
 <tr>
     <td>kumquat</td>
     <td>11 August 2025</td>
     <td>1</td>
     <td>101</td>
 </tr>
 
 </table>
 </body>
 </html>